 Container nutritional-insights-analysis-run-e8bc1bc8a8ab Creating 
 Container nutritional-insights-analysis-run-e8bc1bc8a8ab Created 
2026-09-30 22:50:45 UTC
               Protein(g)  Carbs(g)  Fat(g)
Diet_type                                  
dash                69.28    160.54  101.15
keto               101.27     57.97  153.12
mediterranean      101.11    152.91  101.42
paleo               88.67    129.55  135.67
vegan               56.16    254.00  103.30
Most common cuisines:
    Diet_type  Cuisine_type  count
         dash      american    639
         keto      american    663
mediterranean mediterranean   1274
        paleo      american    535
        vegan      american    925
{
  "generated_at": "2026-09-30 22:50:45 UTC",
  "rows": 7806,
  "diet_types": 5,
  "imputed_values": {
    "Protein(g)": 0,
    "Carbs(g)": 0,
    "Fat(g)": 0
  },
  "highest_mean_protein_diets": [
    "keto"
  ],
  "highest_mean_protein_g": 101.26650793650794,
  "highest_total_protein_diets": [
    "mediterranean"
  ],
  "highest_total_protein_g": 177249.89,
  "undefined_ratios": {
    "Protein_to_Carbs_ratio": 0,
    "Carbs_to_Fat_ratio": 38
  },
  "interpretation": "Recipe-level values; no serving size or medical inference."
}
Saved tables and three charts to /app/output
